Archive member included because of file (symbol)

C:/NXP/S32DS_ARM_v2018.R1/S32DS/arm_ewl2/lib/armv7e-m\libc99.a(exit.o)
                              C:/NXP/S32DS_ARM_v2018.R1/S32DS/arm_ewl2/lib/armv7e-m/__arm_start.o (exit)
C:/NXP/S32DS_ARM_v2018.R1/S32DS/arm_ewl2/lib/armv7e-m\libc99.a(memset.o)
                              C:/NXP/S32DS_ARM_v2018.R1/S32DS/arm_ewl2/lib/armv7e-m/__arm_start.o (memset)
C:/NXP/S32DS_ARM_v2018.R1/S32DS/arm_ewl2/lib/armv7e-m\libc99.a(__filll_mem.o)
                              C:/NXP/S32DS_ARM_v2018.R1/S32DS/arm_ewl2/lib/armv7e-m\libc99.a(memset.o) (__fill_mem)
C:/NXP/S32DS_ARM_v2018.R1/S32DS/arm_ewl2/lib/armv7e-m\librt.a(gcc_ctor_dtor.o)
                              C:/NXP/S32DS_ARM_v2018.R1/S32DS/arm_ewl2/lib/armv7e-m/__arm_start.o (__init_cpp)
C:/NXP/S32DS_ARM_v2018.R1/S32DS/arm_ewl2/lib/armv7e-m\librt.a(__arm_eabi_init.o)
                              C:/NXP/S32DS_ARM_v2018.R1/S32DS/arm_ewl2/lib/armv7e-m\libc99.a(exit.o) (__destroy_global_chain)
C:/NXP/S32DS_ARM_v2018.R1/S32DS/arm_ewl2/lib/armv7e-m\librt.a(ROMCopy.o)
                              C:/NXP/S32DS_ARM_v2018.R1/S32DS/arm_ewl2/lib/armv7e-m/__arm_start.o (__copy_rom_sections_to_ram)

Allocating common symbols
Common symbol       size              file

RxDATA              0x8               ./src/can/can.o
RecvData            0x1               ./src/uart/uart.o
current_value       0x2               ./src/ftm/ftm.o
RxID                0x4               ./src/can/can.o
RxLENGTH            0x4               ./src/can/can.o
prior_value         0x2               ./src/ftm/ftm.o
RxCODE              0x4               ./src/can/can.o
RxTIMESTAMP         0x4               ./src/can/can.o
input_frequency     0x2               ./src/ftm/ftm.o

Discarded input sections

 .text          0x00000000        0x0 C:/NXP/S32DS_ARM_v2018.R1/S32DS/arm_ewl2/lib/armv7e-m/__arm_start.o
 .data          0x00000000        0x0 C:/NXP/S32DS_ARM_v2018.R1/S32DS/arm_ewl2/lib/armv7e-m/__arm_start.o
 .bss           0x00000000        0x0 C:/NXP/S32DS_ARM_v2018.R1/S32DS/arm_ewl2/lib/armv7e-m/__arm_start.o
 .text.__thumb_startup
                0x00000000       0x3c C:/NXP/S32DS_ARM_v2018.R1/S32DS/arm_ewl2/lib/armv7e-m/__arm_start.o
 .text.__iar_program_start
                0x00000000        0x4 C:/NXP/S32DS_ARM_v2018.R1/S32DS/arm_ewl2/lib/armv7e-m/__arm_start.o
 .bss.argv      0x00000000        0x4 C:/NXP/S32DS_ARM_v2018.R1/S32DS/arm_ewl2/lib/armv7e-m/__arm_start.o
 .debug_info    0x00000000      0x144 C:/NXP/S32DS_ARM_v2018.R1/S32DS/arm_ewl2/lib/armv7e-m/__arm_start.o
 .debug_abbrev  0x00000000       0xc0 C:/NXP/S32DS_ARM_v2018.R1/S32DS/arm_ewl2/lib/armv7e-m/__arm_start.o
 .debug_aranges
                0x00000000       0x28 C:/NXP/S32DS_ARM_v2018.R1/S32DS/arm_ewl2/lib/armv7e-m/__arm_start.o
 .debug_line    0x00000000       0x68 C:/NXP/S32DS_ARM_v2018.R1/S32DS/arm_ewl2/lib/armv7e-m/__arm_start.o
 .debug_str     0x00000000      0x270 C:/NXP/S32DS_ARM_v2018.R1/S32DS/arm_ewl2/lib/armv7e-m/__arm_start.o
 .comment       0x00000000       0x71 C:/NXP/S32DS_ARM_v2018.R1/S32DS/arm_ewl2/lib/armv7e-m/__arm_start.o
 .debug_frame   0x00000000       0x30 C:/NXP/S32DS_ARM_v2018.R1/S32DS/arm_ewl2/lib/armv7e-m/__arm_start.o
 .ARM.attributes
                0x00000000       0x33 C:/NXP/S32DS_ARM_v2018.R1/S32DS/arm_ewl2/lib/armv7e-m/__arm_start.o
 .group         0x00000000        0x8 ./src/wdog/wdog.o
 .group         0x00000000        0x8 ./src/wdog/wdog.o
 .group         0x00000000        0x8 ./src/wdog/wdog.o
 .group         0x00000000        0x8 ./src/wdog/wdog.o
 .group         0x00000000        0x8 ./src/wdog/wdog.o
 .group         0x00000000        0x8 ./src/wdog/wdog.o
 .group         0x00000000        0x8 ./src/wdog/wdog.o
 .group         0x00000000        0x8 ./src/wdog/wdog.o
 .group         0x00000000        0x8 ./src/wdog/wdog.o
 .group         0x00000000        0x8 ./src/wdog/wdog.o
 .group         0x00000000        0x8 ./src/wdog/wdog.o
 .group         0x00000000        0x8 ./src/wdog/wdog.o
 .group         0x00000000        0x8 ./src/wdog/wdog.o
 .group         0x00000000        0x8 ./src/wdog/wdog.o
 .group         0x00000000        0x8 ./src/wdog/wdog.o
 .group         0x00000000        0x8 ./src/wdog/wdog.o
 .text          0x00000000        0x0 ./src/wdog/wdog.o
 .data          0x00000000        0x0 ./src/wdog/wdog.o
 .bss           0x00000000        0x0 ./src/wdog/wdog.o
 .text.WODG_Init
                0x00000000       0x50 ./src/wdog/wdog.o
 .text.WODG_Config
                0x00000000       0xb8 ./src/wdog/wdog.o
 .text.WDOG_ResetDisable
                0x00000000       0x44 ./src/wdog/wdog.o
 .text.WDOG_Feed
                0x00000000       0x1c ./src/wdog/wdog.o
 .text.WDOG_SetWindow
                0x00000000       0x38 ./src/wdog/wdog.o
 .text.WDOG_SetTimeout
                0x00000000       0x38 ./src/wdog/wdog.o
 .group         0x00000000        0x8 ./src/uart/uart.o
 .group         0x00000000        0x8 ./src/uart/uart.o
 .group         0x00000000        0x8 ./src/uart/uart.o
 .group         0x00000000        0x8 ./src/uart/uart.o
 .group         0x00000000        0x8 ./src/uart/uart.o
 .group         0x00000000        0x8 ./src/uart/uart.o
 .group         0x00000000        0x8 ./src/uart/uart.o
 .group         0x00000000        0x8 ./src/uart/uart.o
 .group         0x00000000        0x8 ./src/uart/uart.o
 .group         0x00000000        0x8 ./src/uart/uart.o
 .group         0x00000000        0x8 ./src/uart/uart.o
 .group         0x00000000        0x8 ./src/uart/uart.o
 .group         0x00000000        0x8 ./src/uart/uart.o
 .group         0x00000000        0x8 ./src/uart/uart.o
 .group         0x00000000        0x8 ./src/uart/uart.o
 .group         0x00000000        0x8 ./src/uart/uart.o
 .group         0x00000000        0x8 ./src/uart/uart.o
 .group         0x00000000        0x8 ./src/uart/uart.o
 .group         0x00000000        0x8 ./src/uart/uart.o
 .group         0x00000000        0x8 ./src/uart/uart.o
 .text          0x00000000        0x0 ./src/uart/uart.o
 .data          0x00000000        0x0 ./src/uart/uart.o
 .bss           0x00000000        0x0 ./src/uart/uart.o
 .text.UART_RecieveChar
                0x00000000       0x30 ./src/uart/uart.o
 .debug_macro   0x00000000      0x868 ./src/uart/uart.o
 .debug_macro   0x00000000       0x52 ./src/uart/uart.o
 .debug_macro   0x00000000       0xa0 ./src/uart/uart.o
 .debug_macro   0x00000000       0x16 ./src/uart/uart.o
 .debug_macro   0x00000000       0x64 ./src/uart/uart.o
 .debug_macro   0x00000000      0x185 ./src/uart/uart.o
 .debug_macro   0x00000000      0x140 ./src/uart/uart.o
 .debug_macro   0x00000000       0x9d ./src/uart/uart.o
 .debug_macro   0x00000000       0x10 ./src/uart/uart.o
 .debug_macro   0x00000000      0x15b ./src/uart/uart.o
 .debug_macro   0x00000000       0x28 ./src/uart/uart.o
 .debug_macro   0x00000000       0x58 ./src/uart/uart.o
 .debug_macro   0x00000000       0x22 ./src/uart/uart.o
 .debug_macro   0x00000000       0x20 ./src/uart/uart.o
 .group         0x00000000        0x8 ./src/pit/pit.o
 .group         0x00000000        0x8 ./src/pit/pit.o
 .group         0x00000000        0x8 ./src/pit/pit.o
 .group         0x00000000        0x8 ./src/pit/pit.o
 .group         0x00000000        0x8 ./src/pit/pit.o
 .group         0x00000000        0x8 ./src/pit/pit.o
 .group         0x00000000        0x8 ./src/pit/pit.o
 .group         0x00000000        0x8 ./src/pit/pit.o
 .group         0x00000000        0x8 ./src/pit/pit.o
 .group         0x00000000        0x8 ./src/pit/pit.o
 .group         0x00000000        0x8 ./src/pit/pit.o
 .group         0x00000000        0x8 ./src/pit/pit.o
 .group         0x00000000        0x8 ./src/pit/pit.o
 .group         0x00000000        0x8 ./src/pit/pit.o
 .group         0x00000000        0x8 ./src/pit/pit.o
 .group         0x00000000        0x8 ./src/pit/pit.o
 .group         0x00000000        0x8 ./src/pit/pit.o
 .text          0x00000000        0x0 ./src/pit/pit.o
 .data          0x00000000        0x0 ./src/pit/pit.o
 .bss           0x00000000        0x0 ./src/pit/pit.o
 .text.PIT_Init
                0x00000000       0xa0 ./src/pit/pit.o
 .text.PIT_SetLoadVal
                0x00000000       0x28 ./src/pit/pit.o
 .text.Pit_Config
                0x00000000      0x150 ./src/pit/pit.o
 .debug_macro   0x00000000      0x868 ./src/pit/pit.o
 .debug_macro   0x00000000       0x52 ./src/pit/pit.o
 .debug_macro   0x00000000       0xa0 ./src/pit/pit.o
 .debug_macro   0x00000000       0x16 ./src/pit/pit.o
 .debug_macro   0x00000000       0x19 ./src/pit/pit.o
 .debug_macro   0x00000000       0x64 ./src/pit/pit.o
 .debug_macro   0x00000000      0x185 ./src/pit/pit.o
 .debug_macro   0x00000000      0x140 ./src/pit/pit.o
 .debug_macro   0x00000000       0x9d ./src/pit/pit.o
 .debug_macro   0x00000000       0x10 ./src/pit/pit.o
 .debug_macro   0x00000000      0x15b ./src/pit/pit.o
 .debug_macro   0x00000000       0x28 ./src/pit/pit.o
 .debug_macro   0x00000000       0x58 ./src/pit/pit.o
 .debug_macro   0x00000000     0xdfa9 ./src/pit/pit.o
 .debug_macro   0x00000000       0x22 ./src/pit/pit.o
 .debug_macro   0x00000000       0x20 ./src/pit/pit.o
 .group         0x00000000        0x8 ./src/nvic/nvic.o
 .group         0x00000000        0x8 ./src/nvic/nvic.o
 .group         0x00000000        0x8 ./src/nvic/nvic.o
 .group         0x00000000        0x8 ./src/nvic/nvic.o
 .group         0x00000000        0x8 ./src/nvic/nvic.o
 .group         0x00000000        0x8 ./src/nvic/nvic.o
 .group         0x00000000        0x8 ./src/nvic/nvic.o
 .group         0x00000000        0x8 ./src/nvic/nvic.o
 .group         0x00000000        0x8 ./src/nvic/nvic.o
 .group         0x00000000        0x8 ./src/nvic/nvic.o
 .group         0x00000000        0x8 ./src/nvic/nvic.o
 .group         0x00000000        0x8 ./src/nvic/nvic.o
 .group         0x00000000        0x8 ./src/nvic/nvic.o
 .group         0x00000000        0x8 ./src/nvic/nvic.o
 .group         0x00000000        0x8 ./src/nvic/nvic.o
 .group         0x00000000        0x8 ./src/nvic/nvic.o
 .text          0x00000000        0x0 ./src/nvic/nvic.o
 .data          0x00000000        0x0 ./src/nvic/nvic.o
 .bss           0x00000000        0x0 ./src/nvic/nvic.o
 .text.IRQ_Disable
                0x00000000       0x34 ./src/nvic/nvic.o
 .text.IRQ_SetPending
                0x00000000       0x34 ./src/nvic/nvic.o
 .text.IRQ_GetPending
                0x00000000       0x40 ./src/nvic/nvic.o
 .text.IRQ_ClearPending
                0x00000000       0x34 ./src/nvic/nvic.o
 .text.IRQ_SetPriority
                0x00000000       0x38 ./src/nvic/nvic.o
 .text.IRQ_GetPriority
                0x00000000       0x38 ./src/nvic/nvic.o
 .text.IRQ_GetActive
                0x00000000       0x3c ./src/nvic/nvic.o
 .debug_macro   0x00000000      0x868 ./src/nvic/nvic.o
 .debug_macro   0x00000000       0x52 ./src/nvic/nvic.o
 .debug_macro   0x00000000       0xa0 ./src/nvic/nvic.o
 .debug_macro   0x00000000       0x16 ./src/nvic/nvic.o
 .debug_macro   0x00000000       0x19 ./src/nvic/nvic.o
 .debug_macro   0x00000000       0x64 ./src/nvic/nvic.o
 .debug_macro   0x00000000      0x185 ./src/nvic/nvic.o
 .debug_macro   0x00000000      0x140 ./src/nvic/nvic.o
 .debug_macro   0x00000000       0x9d ./src/nvic/nvic.o
 .debug_macro   0x00000000       0x10 ./src/nvic/nvic.o
 .debug_macro   0x00000000      0x15b ./src/nvic/nvic.o
 .debug_macro   0x00000000       0x28 ./src/nvic/nvic.o
 .debug_macro   0x00000000       0x58 ./src/nvic/nvic.o
 .debug_macro   0x00000000     0xdfa9 ./src/nvic/nvic.o
 .debug_macro   0x00000000       0x22 ./src/nvic/nvic.o
 .debug_macro   0x00000000      0x978 ./src/nvic/nvic.o
 .group         0x00000000        0x8 ./src/main.o
 .group         0x00000000        0x8 ./src/main.o
 .group         0x00000000        0x8 ./src/main.o
 .group         0x00000000        0x8 ./src/main.o
 .group         0x00000000        0x8 ./src/main.o
 .group         0x00000000        0x8 ./src/main.o
 .group         0x00000000        0x8 ./src/main.o
 .group         0x00000000        0x8 ./src/main.o
 .group         0x00000000        0x8 ./src/main.o
 .group         0x00000000        0x8 ./src/main.o
 .group         0x00000000        0x8 ./src/main.o
 .group         0x00000000        0x8 ./src/main.o
 .group         0x00000000        0x8 ./src/main.o
 .group         0x00000000        0x8 ./src/main.o
 .group         0x00000000        0x8 ./src/main.o
 .group         0x00000000        0x8 ./src/main.o
 .text          0x00000000        0x0 ./src/main.o
 .data          0x00000000        0x0 ./src/main.o
 .bss           0x00000000        0x0 ./src/main.o
 .debug_macro   0x00000000      0x868 ./src/main.o
 .debug_macro   0x00000000       0x52 ./src/main.o
 .debug_macro   0x00000000       0xa0 ./src/main.o
 .debug_macro   0x00000000       0x16 ./src/main.o
 .debug_macro   0x00000000       0x19 ./src/main.o
 .debug_macro   0x00000000       0x64 ./src/main.o
 .debug_macro   0x00000000      0x185 ./src/main.o
 .debug_macro   0x00000000      0x140 ./src/main.o
 .debug_macro   0x00000000       0x9d ./src/main.o
 .debug_macro   0x00000000       0x10 ./src/main.o
 .debug_macro   0x00000000      0x15b ./src/main.o
 .debug_macro   0x00000000       0x28 ./src/main.o
 .debug_macro   0x00000000       0x58 ./src/main.o
 .debug_macro   0x00000000     0xdfa9 ./src/main.o
 .debug_macro   0x00000000       0x20 ./src/main.o
 .debug_macro   0x00000000       0xb2 ./src/main.o
 .group         0x00000000        0x8 ./src/gpio/gpio.o
 .group         0x00000000        0x8 ./src/gpio/gpio.o
 .group         0x00000000        0x8 ./src/gpio/gpio.o
 .group         0x00000000        0x8 ./src/gpio/gpio.o
 .group         0x00000000        0x8 ./src/gpio/gpio.o
 .group         0x00000000        0x8 ./src/gpio/gpio.o
 .group         0x00000000        0x8 ./src/gpio/gpio.o
 .group         0x00000000        0x8 ./src/gpio/gpio.o
 .group         0x00000000        0x8 ./src/gpio/gpio.o
 .group         0x00000000        0x8 ./src/gpio/gpio.o
 .group         0x00000000        0x8 ./src/gpio/gpio.o
 .group         0x00000000        0x8 ./src/gpio/gpio.o
 .group         0x00000000        0x8 ./src/gpio/gpio.o
 .group         0x00000000        0x8 ./src/gpio/gpio.o
 .group         0x00000000        0x8 ./src/gpio/gpio.o
 .group         0x00000000        0x8 ./src/gpio/gpio.o
 .group         0x00000000        0x8 ./src/gpio/gpio.o
 .text          0x00000000        0x0 ./src/gpio/gpio.o
 .data          0x00000000        0x0 ./src/gpio/gpio.o
 .bss           0x00000000        0x0 ./src/gpio/gpio.o
 .text.GPIO_GetDirection
                0x00000000       0x30 ./src/gpio/gpio.o
 .text.PIN_Config
                0x00000000       0x6c ./src/gpio/gpio.o
 .text.PIN_IrqModeSet
                0x00000000       0x48 ./src/gpio/gpio.o
 .text.PIN_PullSet
                0x00000000       0x48 ./src/gpio/gpio.o
 .text.PIN_IrqClear
                0x00000000       0x38 ./src/gpio/gpio.o
 .debug_macro   0x00000000      0x868 ./src/gpio/gpio.o
 .debug_macro   0x00000000       0x52 ./src/gpio/gpio.o
 .debug_macro   0x00000000       0xa0 ./src/gpio/gpio.o
 .debug_macro   0x00000000       0x16 ./src/gpio/gpio.o
 .debug_macro   0x00000000       0x64 ./src/gpio/gpio.o
 .debug_macro   0x00000000      0x185 ./src/gpio/gpio.o
 .debug_macro   0x00000000      0x140 ./src/gpio/gpio.o
 .debug_macro   0x00000000       0x16 ./src/gpio/gpio.o
 .debug_macro   0x00000000       0x28 ./src/gpio/gpio.o
 .debug_macro   0x00000000       0x10 ./src/gpio/gpio.o
 .debug_macro   0x00000000       0x16 ./src/gpio/gpio.o
 .debug_macro   0x00000000       0x9d ./src/gpio/gpio.o
 .debug_macro   0x00000000       0x22 ./src/gpio/gpio.o
 .debug_macro   0x00000000       0x20 ./src/gpio/gpio.o
 .group         0x00000000        0x8 ./src/ftm/ftm.o
 .group         0x00000000        0x8 ./src/ftm/ftm.o
 .group         0x00000000        0x8 ./src/ftm/ftm.o
 .group         0x00000000        0x8 ./src/ftm/ftm.o
 .group         0x00000000        0x8 ./src/ftm/ftm.o
 .group         0x00000000        0x8 ./src/ftm/ftm.o
 .group         0x00000000        0x8 ./src/ftm/ftm.o
 .group         0x00000000        0x8 ./src/ftm/ftm.o
 .group         0x00000000        0x8 ./src/ftm/ftm.o
 .group         0x00000000        0x8 ./src/ftm/ftm.o
 .group         0x00000000        0x8 ./src/ftm/ftm.o
 .group         0x00000000        0x8 ./src/ftm/ftm.o
 .group         0x00000000        0x8 ./src/ftm/ftm.o
 .group         0x00000000        0x8 ./src/ftm/ftm.o
 .group         0x00000000        0x8 ./src/ftm/ftm.o
 .group         0x00000000        0x8 ./src/ftm/ftm.o
 .group         0x00000000        0x8 ./src/ftm/ftm.o
 .group         0x00000000        0x8 ./src/ftm/ftm.o
 .text          0x00000000        0x0 ./src/ftm/ftm.o
 .data          0x00000000        0x0 ./src/ftm/ftm.o
 .bss           0x00000000        0x0 ./src/ftm/ftm.o
 .text.FTM_Init
                0x00000000       0xe0 ./src/ftm/ftm.o
 .text.FTM_ChnInit
                0x00000000       0xe4 ./src/ftm/ftm.o
 .text.FTM_SetPwmRatio
                0x00000000       0x28 ./src/ftm/ftm.o
 .text.FTM_ClkSrcSelcect
                0x00000000       0x60 ./src/ftm/ftm.o
 .text.FTM_ModeSelect
                0x00000000      0x150 ./src/ftm/ftm.o
 .text.FTM_ChnOutputMask
                0x00000000       0x40 ./src/ftm/ftm.o
 .text.FTM_ChnOutputInit
                0x00000000       0x40 ./src/ftm/ftm.o
 .text.FTM_ChnOutputEnble
                0x00000000       0x44 ./src/ftm/ftm.o
 .text.FTM_ChannelConfig
                0x00000000      0x148 ./src/ftm/ftm.o
 .debug_macro   0x00000000      0x868 ./src/ftm/ftm.o
 .debug_macro   0x00000000       0x52 ./src/ftm/ftm.o
 .debug_macro   0x00000000       0xa0 ./src/ftm/ftm.o
 .debug_macro   0x00000000       0x16 ./src/ftm/ftm.o
 .debug_macro   0x00000000       0x19 ./src/ftm/ftm.o
 .debug_macro   0x00000000       0x64 ./src/ftm/ftm.o
 .debug_macro   0x00000000      0x185 ./src/ftm/ftm.o
 .debug_macro   0x00000000      0x140 ./src/ftm/ftm.o
 .debug_macro   0x00000000       0x9d ./src/ftm/ftm.o
 .debug_macro   0x00000000       0x10 ./src/ftm/ftm.o
 .debug_macro   0x00000000      0x15b ./src/ftm/ftm.o
 .debug_macro   0x00000000       0x28 ./src/ftm/ftm.o
 .debug_macro   0x00000000       0x58 ./src/ftm/ftm.o
 .debug_macro   0x00000000     0xdfa9 ./src/ftm/ftm.o
 .debug_macro   0x00000000       0x22 ./src/ftm/ftm.o
 .debug_macro   0x00000000      0x978 ./src/ftm/ftm.o
 .debug_macro   0x00000000       0x20 ./src/ftm/ftm.o
 COMMON         0x00000000        0x6 ./src/ftm/ftm.o
 .group         0x00000000        0x8 ./src/flash/flash.o
 .group         0x00000000        0x8 ./src/flash/flash.o
 .group         0x00000000        0x8 ./src/flash/flash.o
 .group         0x00000000        0x8 ./src/flash/flash.o
 .group         0x00000000        0x8 ./src/flash/flash.o
 .group         0x00000000        0x8 ./src/flash/flash.o
 .group         0x00000000        0x8 ./src/flash/flash.o
 .group         0x00000000        0x8 ./src/flash/flash.o
 .group         0x00000000        0x8 ./src/flash/flash.o
 .group         0x00000000        0x8 ./src/flash/flash.o
 .group         0x00000000        0x8 ./src/flash/flash.o
 .group         0x00000000        0x8 ./src/flash/flash.o
 .group         0x00000000        0x8 ./src/flash/flash.o
 .group         0x00000000        0x8 ./src/flash/flash.o
 .group         0x00000000        0x8 ./src/flash/flash.o
 .group         0x00000000        0x8 ./src/flash/flash.o
 .group         0x00000000        0x8 ./src/flash/flash.o
 .group         0x00000000        0x8 ./src/flash/flash.o
 .group         0x00000000        0x8 ./src/flash/flash.o
 .group         0x00000000        0x8 ./src/flash/flash.o
 .group         0x00000000        0x8 ./src/flash/flash.o
 .text          0x00000000        0x0 ./src/flash/flash.o
 .data          0x00000000        0x0 ./src/flash/flash.o
 .bss           0x00000000        0x0 ./src/flash/flash.o
 .debug_macro   0x00000000      0x868 ./src/flash/flash.o
 .debug_macro   0x00000000       0x52 ./src/flash/flash.o
 .debug_macro   0x00000000       0xa0 ./src/flash/flash.o
 .debug_macro   0x00000000       0x16 ./src/flash/flash.o
 .debug_macro   0x00000000       0x19 ./src/flash/flash.o
 .debug_macro   0x00000000       0x64 ./src/flash/flash.o
 .debug_macro   0x00000000      0x185 ./src/flash/flash.o
 .debug_macro   0x00000000      0x140 ./src/flash/flash.o
 .debug_macro   0x00000000       0x9d ./src/flash/flash.o
 .debug_macro   0x00000000       0x10 ./src/flash/flash.o
 .debug_macro   0x00000000      0x15b ./src/flash/flash.o
 .debug_macro   0x00000000       0x28 ./src/flash/flash.o
 .debug_macro   0x00000000       0x58 ./src/flash/flash.o
 .debug_macro   0x00000000     0xdfa9 ./src/flash/flash.o
 .debug_macro   0x00000000       0x22 ./src/flash/flash.o
 .debug_macro   0x00000000       0x20 ./src/flash/flash.o
 .debug_macro   0x00000000       0xb2 ./src/flash/flash.o
 .debug_macro   0x00000000       0x16 ./src/flash/flash.o
 .debug_macro   0x00000000       0x16 ./src/flash/flash.o
 .group         0x00000000        0x8 ./src/clock/clock.o
 .group         0x00000000        0x8 ./src/clock/clock.o
 .group         0x00000000        0x8 ./src/clock/clock.o
 .group         0x00000000        0x8 ./src/clock/clock.o
 .group         0x00000000        0x8 ./src/clock/clock.o
 .group         0x00000000        0x8 ./src/clock/clock.o
 .group         0x00000000        0x8 ./src/clock/clock.o
 .group         0x00000000        0x8 ./src/clock/clock.o
 .group         0x00000000        0x8 ./src/clock/clock.o
 .group         0x00000000        0x8 ./src/clock/clock.o
 .group         0x00000000        0x8 ./src/clock/clock.o
 .group         0x00000000        0x8 ./src/clock/clock.o
 .group         0x00000000        0x8 ./src/clock/clock.o
 .group         0x00000000        0x8 ./src/clock/clock.o
 .group         0x00000000        0x8 ./src/clock/clock.o
 .group         0x00000000        0x8 ./src/clock/clock.o
 .text          0x00000000        0x0 ./src/clock/clock.o
 .data          0x00000000        0x0 ./src/clock/clock.o
 .bss           0x00000000        0x0 ./src/clock/clock.o
 .text.Delay    0x00000000       0x20 ./src/clock/clock.o
 .debug_macro   0x00000000      0x868 ./src/clock/clock.o
 .debug_macro   0x00000000       0x52 ./src/clock/clock.o
 .debug_macro   0x00000000       0xa0 ./src/clock/clock.o
 .debug_macro   0x00000000       0x16 ./src/clock/clock.o
 .debug_macro   0x00000000       0x19 ./src/clock/clock.o
 .debug_macro   0x00000000       0x64 ./src/clock/clock.o
 .debug_macro   0x00000000      0x185 ./src/clock/clock.o
 .debug_macro   0x00000000      0x140 ./src/clock/clock.o
 .debug_macro   0x00000000       0x9d ./src/clock/clock.o
 .debug_macro   0x00000000       0x10 ./src/clock/clock.o
 .debug_macro   0x00000000      0x15b ./src/clock/clock.o
 .debug_macro   0x00000000       0x28 ./src/clock/clock.o
 .debug_macro   0x00000000       0x58 ./src/clock/clock.o
 .debug_macro   0x00000000     0xdfa9 ./src/clock/clock.o
 .debug_macro   0x00000000       0x20 ./src/clock/clock.o
 .debug_macro   0x00000000       0x22 ./src/clock/clock.o
 .group         0x00000000        0x8 ./src/can/can.o
 .group         0x00000000        0x8 ./src/can/can.o
 .group         0x00000000        0x8 ./src/can/can.o
 .group         0x00000000        0x8 ./src/can/can.o
 .group         0x00000000        0x8 ./src/can/can.o
 .group         0x00000000        0x8 ./src/can/can.o
 .group         0x00000000        0x8 ./src/can/can.o
 .group         0x00000000        0x8 ./src/can/can.o
 .group         0x00000000        0x8 ./src/can/can.o
 .group         0x00000000        0x8 ./src/can/can.o
 .group         0x00000000        0x8 ./src/can/can.o
 .group         0x00000000        0x8 ./src/can/can.o
 .group         0x00000000        0x8 ./src/can/can.o
 .group         0x00000000        0x8 ./src/can/can.o
 .group         0x00000000        0x8 ./src/can/can.o
 .group         0x00000000        0x8 ./src/can/can.o
 .group         0x00000000        0x8 ./src/can/can.o
 .group         0x00000000        0x8 ./src/can/can.o
 .text          0x00000000        0x0 ./src/can/can.o
 .data          0x00000000        0x0 ./src/can/can.o
 .bss           0x00000000        0x0 ./src/can/can.o
 .text.CAN_TxFrameInit
                0x00000000      0x138 ./src/can/can.o
 .debug_macro   0x00000000      0x868 ./src/can/can.o
 .debug_macro   0x00000000       0x52 ./src/can/can.o
 .debug_macro   0x00000000       0xa0 ./src/can/can.o
 .debug_macro   0x00000000       0x16 ./src/can/can.o
 .debug_macro   0x00000000       0x19 ./src/can/can.o
 .debug_macro   0x00000000       0x64 ./src/can/can.o
 .debug_macro   0x00000000      0x185 ./src/can/can.o
 .debug_macro   0x00000000      0x140 ./src/can/can.o
 .debug_macro   0x00000000       0x9d ./src/can/can.o
 .debug_macro   0x00000000       0x10 ./src/can/can.o
 .debug_macro   0x00000000      0x15b ./src/can/can.o
 .debug_macro   0x00000000       0x28 ./src/can/can.o
 .debug_macro   0x00000000       0x58 ./src/can/can.o
 .debug_macro   0x00000000     0xdfa9 ./src/can/can.o
 .debug_macro   0x00000000       0x22 ./src/can/can.o
 .debug_macro   0x00000000       0x20 ./src/can/can.o
 .debug_macro   0x00000000       0x3a ./src/can/can.o
 .debug_macro   0x00000000       0xb2 ./src/can/can.o
 .group         0x00000000        0x8 ./src/adc/adc.o
 .group         0x00000000        0x8 ./src/adc/adc.o
 .group         0x00000000        0x8 ./src/adc/adc.o
 .group         0x00000000        0x8 ./src/adc/adc.o
 .group         0x00000000        0x8 ./src/adc/adc.o
 .group         0x00000000        0x8 ./src/adc/adc.o
 .group         0x00000000        0x8 ./src/adc/adc.o
 .group         0x00000000        0x8 ./src/adc/adc.o
 .group         0x00000000        0x8 ./src/adc/adc.o
 .group         0x00000000        0x8 ./src/adc/adc.o
 .group         0x00000000        0x8 ./src/adc/adc.o
 .group         0x00000000        0x8 ./src/adc/adc.o
 .group         0x00000000        0x8 ./src/adc/adc.o
 .group         0x00000000        0x8 ./src/adc/adc.o
 .group         0x00000000        0x8 ./src/adc/adc.o
 .group         0x00000000        0x8 ./src/adc/adc.o
 .group         0x00000000        0x8 ./src/adc/adc.o
 .group         0x00000000        0x8 ./src/adc/adc.o
 .group         0x00000000        0x8 ./src/adc/adc.o
 .text          0x00000000        0x0 ./src/adc/adc.o
 .data          0x00000000        0x0 ./src/adc/adc.o
 .bss           0x00000000        0x0 ./src/adc/adc.o
 .text.ADC_Init
                0x00000000       0xb0 ./src/adc/adc.o
 .text.ADC_IRQEnable
                0x00000000       0x64 ./src/adc/adc.o
 .text.ADC_AVRGEnable
                0x00000000       0x5c ./src/adc/adc.o
 .text.ADC_AutoCmpEnable
                0x00000000       0x98 ./src/adc/adc.o
 .text.ADC_CalibrateStart
                0x00000000       0x94 ./src/adc/adc.o
 .text.ADC_Config
                0x00000000       0x54 ./src/adc/adc.o
 .debug_macro   0x00000000      0x868 ./src/adc/adc.o
 .debug_macro   0x00000000       0x52 ./src/adc/adc.o
 .debug_macro   0x00000000       0xa0 ./src/adc/adc.o
 .debug_macro   0x00000000       0x16 ./src/adc/adc.o
 .debug_macro   0x00000000       0x19 ./src/adc/adc.o
 .debug_macro   0x00000000       0x64 ./src/adc/adc.o
 .debug_macro   0x00000000      0x185 ./src/adc/adc.o
 .debug_macro   0x00000000      0x140 ./src/adc/adc.o
 .debug_macro   0x00000000       0x9d ./src/adc/adc.o
 .debug_macro   0x00000000       0x10 ./src/adc/adc.o
 .debug_macro   0x00000000      0x15b ./src/adc/adc.o
 .debug_macro   0x00000000       0x28 ./src/adc/adc.o
 .debug_macro   0x00000000       0x58 ./src/adc/adc.o
 .debug_macro   0x00000000     0xdfa9 ./src/adc/adc.o
 .debug_macro   0x00000000       0x22 ./src/adc/adc.o
 .debug_macro   0x00000000      0x978 ./src/adc/adc.o
 .debug_macro   0x00000000       0x20 ./src/adc/adc.o
 .debug_macro   0x00000000       0x20 ./src/adc/adc.o
 .group         0x00000000        0x8 ./Project_Settings/Startup_Code/system_S32K144.o
 .group         0x00000000        0x8 ./Project_Settings/Startup_Code/system_S32K144.o
 .group         0x00000000        0x8 ./Project_Settings/Startup_Code/system_S32K144.o
 .group         0x00000000        0x8 ./Project_Settings/Startup_Code/system_S32K144.o
 .group         0x00000000        0x8 ./Project_Settings/Startup_Code/system_S32K144.o
 .group         0x00000000        0x8 ./Project_Settings/Startup_Code/system_S32K144.o
 .group         0x00000000        0x8 ./Project_Settings/Startup_Code/system_S32K144.o
 .group         0x00000000        0x8 ./Project_Settings/Startup_Code/system_S32K144.o
 .group         0x00000000        0x8 ./Project_Settings/Startup_Code/system_S32K144.o
 .group         0x00000000        0x8 ./Project_Settings/Startup_Code/system_S32K144.o
 .group         0x00000000        0x8 ./Project_Settings/Startup_Code/system_S32K144.o
 .group         0x00000000        0x8 ./Project_Settings/Startup_Code/system_S32K144.o
 .group         0x00000000        0x8 ./Project_Settings/Startup_Code/system_S32K144.o
 .group         0x00000000        0x8 ./Project_Settings/Startup_Code/system_S32K144.o
 .group         0x00000000        0x8 ./Project_Settings/Startup_Code/system_S32K144.o
 .group         0x00000000        0x8 ./Project_Settings/Startup_Code/system_S32K144.o
 .group         0x00000000        0x8 ./Project_Settings/Startup_Code/system_S32K144.o
 .group         0x00000000        0x8 ./Project_Settings/Startup_Code/system_S32K144.o
 .group         0x00000000        0x8 ./Project_Settings/Startup_Code/system_S32K144.o
 .text          0x00000000        0x0 ./Project_Settings/Startup_Code/system_S32K144.o
 .data          0x00000000        0x0 ./Project_Settings/Startup_Code/system_S32K144.o
 .bss           0x00000000        0x0 ./Project_Settings/Startup_Code/system_S32K144.o
 .data.SystemCoreClock
                0x00000000        0x4 ./Project_Settings/Startup_Code/system_S32K144.o
 .text.SystemCoreClockUpdate
                0x00000000       0xf4 ./Project_Settings/Startup_Code/system_S32K144.o
 .text.SystemSoftwareReset
                0x00000000       0x40 ./Project_Settings/Startup_Code/system_S32K144.o
 .rodata.fircFreq.5043
                0x00000000       0x10 ./Project_Settings/Startup_Code/system_S32K144.o
 .debug_macro   0x00000000      0x868 ./Project_Settings/Startup_Code/system_S32K144.o
 .debug_macro   0x00000000       0x52 ./Project_Settings/Startup_Code/system_S32K144.o
 .debug_macro   0x00000000       0xa0 ./Project_Settings/Startup_Code/system_S32K144.o
 .debug_macro   0x00000000       0x16 ./Project_Settings/Startup_Code/system_S32K144.o
 .debug_macro   0x00000000       0x19 ./Project_Settings/Startup_Code/system_S32K144.o
 .debug_macro   0x00000000       0x64 ./Project_Settings/Startup_Code/system_S32K144.o
 .debug_macro   0x00000000      0x185 ./Project_Settings/Startup_Code/system_S32K144.o
 .debug_macro   0x00000000      0x140 ./Project_Settings/Startup_Code/system_S32K144.o
 .debug_macro   0x00000000       0x9d ./Project_Settings/Startup_Code/system_S32K144.o
 .debug_macro   0x00000000       0x10 ./Project_Settings/Startup_Code/system_S32K144.o
 .debug_macro   0x00000000      0x15b ./Project_Settings/Startup_Code/system_S32K144.o
 .debug_macro   0x00000000       0x28 ./Project_Settings/Startup_Code/system_S32K144.o
 .debug_macro   0x00000000       0x58 ./Project_Settings/Startup_Code/system_S32K144.o
 .debug_macro   0x00000000     0xdfa9 ./Project_Settings/Startup_Code/system_S32K144.o
 .debug_macro   0x00000000      0x978 ./Project_Settings/Startup_Code/system_S32K144.o
 .debug_macro   0x00000000       0x22 ./Project_Settings/Startup_Code/system_S32K144.o
 .data          0x00000000        0x0 ./Project_Settings/Startup_Code/startup_S32K144.o
 .bss           0x00000000        0x0 ./Project_Settings/Startup_Code/startup_S32K144.o
 .group         0x00000000        0x8 ./Project_Settings/Startup_Code/startup.o
 .group         0x00000000        0x8 ./Project_Settings/Startup_Code/startup.o
 .group         0x00000000        0x8 ./Project_Settings/Startup_Code/startup.o
 .group         0x00000000        0x8 ./Project_Settings/Startup_Code/startup.o
 .group         0x00000000        0x8 ./Project_Settings/Startup_Code/startup.o
 .group         0x00000000        0x8 ./Project_Settings/Startup_Code/startup.o
 .group         0x00000000        0x8 ./Project_Settings/Startup_Code/startup.o
 .group         0x00000000        0x8 ./Project_Settings/Startup_Code/startup.o
 .group         0x00000000        0x8 ./Project_Settings/Startup_Code/startup.o
 .group         0x00000000        0x8 ./Project_Settings/Startup_Code/startup.o
 .group         0x00000000        0x8 ./Project_Settings/Startup_Code/startup.o
 .group         0x00000000        0x8 ./Project_Settings/Startup_Code/startup.o
 .group         0x00000000        0x8 ./Project_Settings/Startup_Code/startup.o
 .group         0x00000000        0x8 ./Project_Settings/Startup_Code/startup.o
 .group         0x00000000        0x8 ./Project_Settings/Startup_Code/startup.o
 .group         0x00000000        0x8 ./Project_Settings/Startup_Code/startup.o
 .group         0x00000000        0x8 ./Project_Settings/Startup_Code/startup.o
 .group         0x00000000        0x8 ./Project_Settings/Startup_Code/startup.o
 .text          0x00000000        0x0 ./Project_Settings/Startup_Code/startup.o
 .data          0x00000000        0x0 ./Project_Settings/Startup_Code/startup.o
 .bss           0x00000000        0x0 ./Project_Settings/Startup_Code/startup.o
 .debug_macro   0x00000000      0x868 ./Project_Settings/Startup_Code/startup.o
 .debug_macro   0x00000000       0x52 ./Project_Settings/Startup_Code/startup.o
 .debug_macro   0x00000000       0xa0 ./Project_Settings/Startup_Code/startup.o
 .debug_macro   0x00000000       0x16 ./Project_Settings/Startup_Code/startup.o
 .debug_macro   0x00000000       0x10 ./Project_Settings/Startup_Code/startup.o
 .debug_macro   0x00000000       0x6d ./Project_Settings/Startup_Code/startup.o
 .debug_macro   0x00000000       0x19 ./Project_Settings/Startup_Code/startup.o
 .debug_macro   0x00000000       0x64 ./Project_Settings/Startup_Code/startup.o
 .debug_macro   0x00000000      0x185 ./Project_Settings/Startup_Code/startup.o
 .debug_macro   0x00000000      0x140 ./Project_Settings/Startup_Code/startup.o
 .debug_macro   0x00000000       0x9d ./Project_Settings/Startup_Code/startup.o
 .debug_macro   0x00000000       0x10 ./Project_Settings/Startup_Code/startup.o
 .debug_macro   0x00000000      0x15b ./Project_Settings/Startup_Code/startup.o
 .debug_macro   0x00000000       0x28 ./Project_Settings/Startup_Code/startup.o
 .debug_macro   0x00000000       0x58 ./Project_Settings/Startup_Code/startup.o
 .debug_macro   0x00000000     0xdfa9 ./Project_Settings/Startup_Code/startup.o
 .debug_macro   0x00000000      0x978 ./Project_Settings/Startup_Code/startup.o
 .debug_macro   0x00000000       0x22 ./Project_Settings/Startup_Code/startup.o
 .text          0x00000000        0x0 C:/NXP/S32DS_ARM_v2018.R1/S32DS/arm_ewl2/lib/armv7e-m\libc99.a(exit.o)
 .data          0x00000000        0x0 C:/NXP/S32DS_ARM_v2018.R1/S32DS/arm_ewl2/lib/armv7e-m\libc99.a(exit.o)
 .bss           0x00000000        0x0 C:/NXP/S32DS_ARM_v2018.R1/S32DS/arm_ewl2/lib/armv7e-m\libc99.a(exit.o)
 .text._Exit    0x00000000        0x4 C:/NXP/S32DS_ARM_v2018.R1/S32DS/arm_ewl2/lib/armv7e-m\libc99.a(exit.o)
 .text          0x00000000        0x0 C:/NXP/S32DS_ARM_v2018.R1/S32DS/arm_ewl2/lib/armv7e-m\libc99.a(memset.o)
 .data          0x00000000        0x0 C:/NXP/S32DS_ARM_v2018.R1/S32DS/arm_ewl2/lib/armv7e-m\libc99.a(memset.o)
 .bss           0x00000000        0x0 C:/NXP/S32DS_ARM_v2018.R1/S32DS/arm_ewl2/lib/armv7e-m\libc99.a(memset.o)
 .text.memset   0x00000000        0xc C:/NXP/S32DS_ARM_v2018.R1/S32DS/arm_ewl2/lib/armv7e-m\libc99.a(memset.o)
 .debug_info    0x00000000       0xec C:/NXP/S32DS_ARM_v2018.R1/S32DS/arm_ewl2/lib/armv7e-m\libc99.a(memset.o)
 .debug_abbrev  0x00000000       0x62 C:/NXP/S32DS_ARM_v2018.R1/S32DS/arm_ewl2/lib/armv7e-m\libc99.a(memset.o)
 .debug_loc     0x00000000       0x64 C:/NXP/S32DS_ARM_v2018.R1/S32DS/arm_ewl2/lib/armv7e-m\libc99.a(memset.o)
 .debug_aranges
                0x00000000       0x20 C:/NXP/S32DS_ARM_v2018.R1/S32DS/arm_ewl2/lib/armv7e-m\libc99.a(memset.o)
 .debug_line    0x00000000       0x8f C:/NXP/S32DS_ARM_v2018.R1/S32DS/arm_ewl2/lib/armv7e-m\libc99.a(memset.o)
 .debug_str     0x00000000      0x21f C:/NXP/S32DS_ARM_v2018.R1/S32DS/arm_ewl2/lib/armv7e-m\libc99.a(memset.o)
 .comment       0x00000000       0x71 C:/NXP/S32DS_ARM_v2018.R1/S32DS/arm_ewl2/lib/armv7e-m\libc99.a(memset.o)
 .debug_frame   0x00000000       0x28 C:/NXP/S32DS_ARM_v2018.R1/S32DS/arm_ewl2/lib/armv7e-m\libc99.a(memset.o)
 .ARM.attributes
                0x00000000       0x33 C:/NXP/S32DS_ARM_v2018.R1/S32DS/arm_ewl2/lib/armv7e-m\libc99.a(memset.o)
 .text          0x00000000        0x0 C:/NXP/S32DS_ARM_v2018.R1/S32DS/arm_ewl2/lib/armv7e-m\libc99.a(__filll_mem.o)
 .data          0x00000000        0x0 C:/NXP/S32DS_ARM_v2018.R1/S32DS/arm_ewl2/lib/armv7e-m\libc99.a(__filll_mem.o)
 .bss           0x00000000        0x0 C:/NXP/S32DS_ARM_v2018.R1/S32DS/arm_ewl2/lib/armv7e-m\libc99.a(__filll_mem.o)
 .text.__fill_mem
                0x00000000       0x7a C:/NXP/S32DS_ARM_v2018.R1/S32DS/arm_ewl2/lib/armv7e-m\libc99.a(__filll_mem.o)
 .debug_info    0x00000000      0x137 C:/NXP/S32DS_ARM_v2018.R1/S32DS/arm_ewl2/lib/armv7e-m\libc99.a(__filll_mem.o)
 .debug_abbrev  0x00000000       0x78 C:/NXP/S32DS_ARM_v2018.R1/S32DS/arm_ewl2/lib/armv7e-m\libc99.a(__filll_mem.o)
 .debug_loc     0x00000000      0x16b C:/NXP/S32DS_ARM_v2018.R1/S32DS/arm_ewl2/lib/armv7e-m\libc99.a(__filll_mem.o)
 .debug_aranges
                0x00000000       0x20 C:/NXP/S32DS_ARM_v2018.R1/S32DS/arm_ewl2/lib/armv7e-m\libc99.a(__filll_mem.o)
 .debug_line    0x00000000       0xb2 C:/NXP/S32DS_ARM_v2018.R1/S32DS/arm_ewl2/lib/armv7e-m\libc99.a(__filll_mem.o)
 .debug_str     0x00000000      0x231 C:/NXP/S32DS_ARM_v2018.R1/S32DS/arm_ewl2/lib/armv7e-m\libc99.a(__filll_mem.o)
 .comment       0x00000000       0x71 C:/NXP/S32DS_ARM_v2018.R1/S32DS/arm_ewl2/lib/armv7e-m\libc99.a(__filll_mem.o)
 .debug_frame   0x00000000       0x28 C:/NXP/S32DS_ARM_v2018.R1/S32DS/arm_ewl2/lib/armv7e-m\libc99.a(__filll_mem.o)
 .ARM.attributes
                0x00000000       0x33 C:/NXP/S32DS_ARM_v2018.R1/S32DS/arm_ewl2/lib/armv7e-m\libc99.a(__filll_mem.o)
 .text          0x00000000        0x0 C:/NXP/S32DS_ARM_v2018.R1/S32DS/arm_ewl2/lib/armv7e-m\librt.a(gcc_ctor_dtor.o)
 .data          0x00000000        0x0 C:/NXP/S32DS_ARM_v2018.R1/S32DS/arm_ewl2/lib/armv7e-m\librt.a(gcc_ctor_dtor.o)
 .bss           0x00000000        0x0 C:/NXP/S32DS_ARM_v2018.R1/S32DS/arm_ewl2/lib/armv7e-m\librt.a(gcc_ctor_dtor.o)
 .text.__init_cpp
                0x00000000       0x4c C:/NXP/S32DS_ARM_v2018.R1/S32DS/arm_ewl2/lib/armv7e-m\librt.a(gcc_ctor_dtor.o)
 .bss.__dso_handle
                0x00000000        0x4 C:/NXP/S32DS_ARM_v2018.R1/S32DS/arm_ewl2/lib/armv7e-m\librt.a(gcc_ctor_dtor.o)
 .text          0x00000000        0x0 C:/NXP/S32DS_ARM_v2018.R1/S32DS/arm_ewl2/lib/armv7e-m\librt.a(__arm_eabi_init.o)
 .data          0x00000000        0x0 C:/NXP/S32DS_ARM_v2018.R1/S32DS/arm_ewl2/lib/armv7e-m\librt.a(__arm_eabi_init.o)
 .bss           0x00000000        0x0 C:/NXP/S32DS_ARM_v2018.R1/S32DS/arm_ewl2/lib/armv7e-m\librt.a(__arm_eabi_init.o)
 .text.__register_global_object
                0x00000000       0x14 C:/NXP/S32DS_ARM_v2018.R1/S32DS/arm_ewl2/lib/armv7e-m\librt.a(__arm_eabi_init.o)
 .text.__cxa_atexit
                0x00000000       0x38 C:/NXP/S32DS_ARM_v2018.R1/S32DS/arm_ewl2/lib/armv7e-m\librt.a(__arm_eabi_init.o)
 .text.__aeabi_atexit
                0x00000000        0xa C:/NXP/S32DS_ARM_v2018.R1/S32DS/arm_ewl2/lib/armv7e-m\librt.a(__arm_eabi_init.o)
 .text.__register_atexit
                0x00000000        0x8 C:/NXP/S32DS_ARM_v2018.R1/S32DS/arm_ewl2/lib/armv7e-m\librt.a(__arm_eabi_init.o)
 .text.__init_registers
                0x00000000       0x20 C:/NXP/S32DS_ARM_v2018.R1/S32DS/arm_ewl2/lib/armv7e-m\librt.a(__arm_eabi_init.o)
 .text.__init_hardware
                0x00000000        0x4 C:/NXP/S32DS_ARM_v2018.R1/S32DS/arm_ewl2/lib/armv7e-m\librt.a(__arm_eabi_init.o)
 .text.__init_user
                0x00000000        0x4 C:/NXP/S32DS_ARM_v2018.R1/S32DS/arm_ewl2/lib/armv7e-m\librt.a(__arm_eabi_init.o)
 .bss.atexit_curr_func
                0x00000000        0x4 C:/NXP/S32DS_ARM_v2018.R1/S32DS/arm_ewl2/lib/armv7e-m\librt.a(__arm_eabi_init.o)
 .bss.atexit_funcs
                0x00000000      0x300 C:/NXP/S32DS_ARM_v2018.R1/S32DS/arm_ewl2/lib/armv7e-m\librt.a(__arm_eabi_init.o)
 .text          0x00000000        0x0 C:/NXP/S32DS_ARM_v2018.R1/S32DS/arm_ewl2/lib/armv7e-m\librt.a(ROMCopy.o)
 .data          0x00000000        0x0 C:/NXP/S32DS_ARM_v2018.R1/S32DS/arm_ewl2/lib/armv7e-m\librt.a(ROMCopy.o)
 .bss           0x00000000        0x0 C:/NXP/S32DS_ARM_v2018.R1/S32DS/arm_ewl2/lib/armv7e-m\librt.a(ROMCopy.o)
 .text.__flush_cache
                0x00000000        0x2 C:/NXP/S32DS_ARM_v2018.R1/S32DS/arm_ewl2/lib/armv7e-m\librt.a(ROMCopy.o)
 .text.__copy_rom_section
                0x00000000       0x42 C:/NXP/S32DS_ARM_v2018.R1/S32DS/arm_ewl2/lib/armv7e-m\librt.a(ROMCopy.o)
 .text.__copy_rom_sections_to_ram
                0x00000000       0x28 C:/NXP/S32DS_ARM_v2018.R1/S32DS/arm_ewl2/lib/armv7e-m\librt.a(ROMCopy.o)
 .debug_info    0x00000000      0x20e C:/NXP/S32DS_ARM_v2018.R1/S32DS/arm_ewl2/lib/armv7e-m\librt.a(ROMCopy.o)
 .debug_abbrev  0x00000000      0x11f C:/NXP/S32DS_ARM_v2018.R1/S32DS/arm_ewl2/lib/armv7e-m\librt.a(ROMCopy.o)
 .debug_loc     0x00000000       0xb3 C:/NXP/S32DS_ARM_v2018.R1/S32DS/arm_ewl2/lib/armv7e-m\librt.a(ROMCopy.o)
 .debug_aranges
                0x00000000       0x30 C:/NXP/S32DS_ARM_v2018.R1/S32DS/arm_ewl2/lib/armv7e-m\librt.a(ROMCopy.o)
 .debug_line    0x00000000       0x9e C:/NXP/S32DS_ARM_v2018.R1/S32DS/arm_ewl2/lib/armv7e-m\librt.a(ROMCopy.o)
 .debug_str     0x00000000      0x233 C:/NXP/S32DS_ARM_v2018.R1/S32DS/arm_ewl2/lib/armv7e-m\librt.a(ROMCopy.o)
 .comment       0x00000000       0x71 C:/NXP/S32DS_ARM_v2018.R1/S32DS/arm_ewl2/lib/armv7e-m\librt.a(ROMCopy.o)
 .debug_frame   0x00000000       0x48 C:/NXP/S32DS_ARM_v2018.R1/S32DS/arm_ewl2/lib/armv7e-m\librt.a(ROMCopy.o)
 .ARM.attributes
                0x00000000       0x33 C:/NXP/S32DS_ARM_v2018.R1/S32DS/arm_ewl2/lib/armv7e-m\librt.a(ROMCopy.o)
 .text          0x00000000        0x0 C:/NXP/S32DS_ARM_v2018.R1/S32DS/arm_ewl2/lib/armv7e-m/__arm_end.o
 .data          0x00000000        0x0 C:/NXP/S32DS_ARM_v2018.R1/S32DS/arm_ewl2/lib/armv7e-m/__arm_end.o
 .bss           0x00000000        0x0 C:/NXP/S32DS_ARM_v2018.R1/S32DS/arm_ewl2/lib/armv7e-m/__arm_end.o
 .text._ExitProcess
                0x00000000        0x2 C:/NXP/S32DS_ARM_v2018.R1/S32DS/arm_ewl2/lib/armv7e-m/__arm_end.o
 .debug_info    0x00000000       0x4e C:/NXP/S32DS_ARM_v2018.R1/S32DS/arm_ewl2/lib/armv7e-m/__arm_end.o
 .debug_abbrev  0x00000000       0x4a C:/NXP/S32DS_ARM_v2018.R1/S32DS/arm_ewl2/lib/armv7e-m/__arm_end.o
 .debug_aranges
                0x00000000       0x20 C:/NXP/S32DS_ARM_v2018.R1/S32DS/arm_ewl2/lib/armv7e-m/__arm_end.o
 .debug_line    0x00000000       0x45 C:/NXP/S32DS_ARM_v2018.R1/S32DS/arm_ewl2/lib/armv7e-m/__arm_end.o
 .debug_str     0x00000000      0x1a7 C:/NXP/S32DS_ARM_v2018.R1/S32DS/arm_ewl2/lib/armv7e-m/__arm_end.o
 .comment       0x00000000       0x71 C:/NXP/S32DS_ARM_v2018.R1/S32DS/arm_ewl2/lib/armv7e-m/__arm_end.o
 .debug_frame   0x00000000       0x20 C:/NXP/S32DS_ARM_v2018.R1/S32DS/arm_ewl2/lib/armv7e-m/__arm_end.o
 .ARM.attributes
                0x00000000       0x33 C:/NXP/S32DS_ARM_v2018.R1/S32DS/arm_ewl2/lib/armv7e-m/__arm_end.o

Memory Configuration

Name             Origin             Length             Attributes
m_interrupts     0x00004000         0x00000400         xr
m_flash_config   0x00004400         0x00000010         xr
m_text           0x00004410         0x0007bbf0         xr
m_data           0x1fff8000         0x00008000         rw
m_data_2         0x20000000         0x00007000         rw
*default*        0x00000000         0xffffffff

Linker script and memory map

LOAD C:/NXP/S32DS_ARM_v2018.R1/S32DS/arm_ewl2/lib/armv7e-m/__arm_start.o
LOAD ./src/wdog/wdog.o
LOAD ./src/uart/uart.o
LOAD ./src/pit/pit.o
LOAD ./src/nvic/nvic.o
LOAD ./src/main.o
LOAD ./src/gpio/gpio.o
LOAD ./src/ftm/ftm.o
LOAD ./src/flash/flash.o
LOAD ./src/clock/clock.o
LOAD ./src/can/can.o
LOAD ./src/adc/adc.o
LOAD ./Project_Settings/Startup_Code/system_S32K144.o
LOAD ./Project_Settings/Startup_Code/startup_S32K144.o
LOAD ./Project_Settings/Startup_Code/startup.o
START GROUP
LOAD C:/NXP/S32DS_ARM_v2018.R1/S32DS/arm_ewl2/lib/armv7e-m\libc99.a
LOAD C:/NXP/S32DS_ARM_v2018.R1/S32DS/arm_ewl2/lib/armv7e-m\libm.a
LOAD c:/nxp/s32ds_arm_v2018.r1/cross_tools/gcc-arm-none-eabi-4_9/bin/../lib/gcc/arm-none-eabi/4.9.3/armv7e-m\libgcc.a
LOAD C:/NXP/S32DS_ARM_v2018.R1/S32DS/arm_ewl2/lib/armv7e-m\librt.a
LOAD C:/NXP/S32DS_ARM_v2018.R1/S32DS/arm_ewl2/lib/armv7e-m\libnoio.a
END GROUP
LOAD C:/NXP/S32DS_ARM_v2018.R1/S32DS/arm_ewl2/lib/armv7e-m/__arm_end.o
                0x00000400                HEAP_SIZE = DEFINED (__heap_size__)?__heap_size__:0x400
                0x00000400                STACK_SIZE = DEFINED (__stack_size__)?__stack_size__:0x400
                0x00000400                M_VECTOR_RAM_SIZE = DEFINED (__flash_vector_table__)?0x0:0x400

.interrupts     0x00004000      0x400
                0x00004000                __VECTOR_TABLE = .
                0x00004000                . = ALIGN (0x4)
 *(.isr_vector)
 .isr_vector    0x00004000      0x400 ./Project_Settings/Startup_Code/startup_S32K144.o
                0x00004000                __isr_vector
                0x00004400                . = ALIGN (0x4)

.flash_config   0x00004400       0x10
                0x00004400                . = ALIGN (0x4)
 *(.FlashConfig)
 .FlashConfig   0x00004400       0x10 ./Project_Settings/Startup_Code/startup_S32K144.o
                0x00004410                . = ALIGN (0x4)

.text           0x00004410      0xe94
                0x00004410                . = ALIGN (0x4)
 *(.text)
 .text          0x00004410       0x44 ./Project_Settings/Startup_Code/startup_S32K144.o
                0x00004410                Reset_Handler
                0x00004450                DebugMon_Handler
                0x00004450                Reserved88_IRQHandler
                0x00004450                CAN0_ORed_IRQHandler
                0x00004450                HardFault_Handler
                0x00004450                Reserved86_IRQHandler
                0x00004450                Reserved103_IRQHandler
                0x00004450                SysTick_Handler
                0x00004450                FTM2_Ovf_Reload_IRQHandler
                0x00004450                Reserved50_IRQHandler
                0x00004450                FTFC_Fault_IRQHandler
                0x00004450                FTM0_Ch6_Ch7_IRQHandler
                0x00004450                Reserved114_IRQHandler
                0x00004450                PendSV_Handler
                0x00004450                NMI_Handler
                0x00004450                Reserved89_IRQHandler
                0x00004450                ERM_double_fault_IRQHandler
                0x00004450                DMA2_IRQHandler
                0x00004450                Reserved59_IRQHandler
                0x00004450                Reserved99_IRQHandler
                0x00004450                FTM3_Ch6_Ch7_IRQHandler
                0x00004450                CAN2_ORed_0_15_MB_IRQHandler
                0x00004450                Reserved92_IRQHandler
                0x00004450                FTM0_Ch4_Ch5_IRQHandler
                0x00004450                CAN1_Error_IRQHandler
                0x00004450                FTM3_Ch0_Ch1_IRQHandler
                0x00004450                SWI_IRQHandler
                0x00004450                FTM2_Ch4_Ch5_IRQHandler
                0x00004450                UsageFault_Handler
                0x00004450                DefaultISR
                0x00004450                DMA9_IRQHandler
                0x00004450                Reserved58_IRQHandler
                0x00004450                CAN1_ORed_0_15_MB_IRQHandler
                0x00004450                FTM1_Ch2_Ch3_IRQHandler
                0x00004450                DMA14_IRQHandler
                0x00004450                Reserved82_IRQHandler
                0x00004450                CAN0_ORed_16_31_MB_IRQHandler
                0x00004450                LPI2C0_Slave_IRQHandler
                0x00004450                Reserved71_IRQHandler
                0x00004450                PORTD_IRQHandler
                0x00004450                Reserved69_IRQHandler
                0x00004450                PORTB_IRQHandler
                0x00004450                Reserved70_IRQHandler
                0x00004450                ADC1_IRQHandler
                0x00004450                FTM2_Ch2_Ch3_IRQHandler
                0x00004450                Reserved53_IRQHandler
                0x00004450                DMA5_IRQHandler
                0x00004450                RTC_IRQHandler
                0x00004450                PDB0_IRQHandler
                0x00004450                Reserved54_IRQHandler
                0x00004450                FTM3_Ch2_Ch3_IRQHandler
                0x00004450                FTM2_Ch0_Ch1_IRQHandler
                0x00004450                LPSPI1_IRQHandler
                0x00004450                RTC_Seconds_IRQHandler
                0x00004450                CAN2_ORed_IRQHandler
                0x00004450                Reserved72_IRQHandler
                0x00004450                Reserved110_IRQHandler
                0x00004450                DMA11_IRQHandler
                0x00004450                Reserved107_IRQHandler
                0x00004450                Read_Collision_IRQHandler
                0x00004450                CAN2_Error_IRQHandler
                0x00004450                FTFC_IRQHandler
                0x00004450                DMA7_IRQHandler
                0x00004450                FTM1_Ch6_Ch7_IRQHandler
                0x00004450                Reserved105_IRQHandler
                0x00004450                FTM1_Ch4_Ch5_IRQHandler
                0x00004450                FTM3_Ovf_Reload_IRQHandler
                0x00004450                LPUART2_RxTx_IRQHandler
                0x00004450                LPSPI0_IRQHandler
                0x00004450                MemManage_Handler
                0x00004450                Reserved90_IRQHandler
                0x00004450                Reserved83_IRQHandler
                0x00004450                FTM0_Fault_IRQHandler
                0x00004450                Reserved48_IRQHandler
                0x00004450                SVC_Handler
                0x00004450                ERM_single_fault_IRQHandler
                0x00004450                FTM2_Fault_IRQHandler
                0x00004450                DMA13_IRQHandler
                0x00004450                FTM3_Fault_IRQHandler
                0x00004450                RCM_IRQHandler
                0x00004450                DMA3_IRQHandler
                0x00004450                Reserved100_IRQHandler
                0x00004450                DMA0_IRQHandler
                0x00004450                Reserved91_IRQHandler
                0x00004450                CAN1_ORed_IRQHandler
                0x00004450                DMA15_IRQHandler
                0x00004450                SCG_IRQHandler
                0x00004450                PDB1_IRQHandler
                0x00004450                Reserved81_IRQHandler
                0x00004450                Reserved46_IRQHandler
                0x00004450                Reserved45_IRQHandler
                0x00004450                CAN0_Error_IRQHandler
                0x00004450                Reserved112_IRQHandler
                0x00004450                LPI2C0_Master_IRQHandler
                0x00004450                DMA4_IRQHandler
                0x00004450                FTM1_Fault_IRQHandler
                0x00004450                Reserved106_IRQHandler
                0x00004450                DMA_Error_IRQHandler
                0x00004450                LVD_LVW_IRQHandler
                0x00004450                PORTA_IRQHandler
                0x00004450                MCM_IRQHandler
                0x00004450                LPSPI2_IRQHandler
                0x00004450                DMA12_IRQHandler
                0x00004450                FTM3_Ch4_Ch5_IRQHandler
                0x00004450                PORTE_IRQHandler
                0x00004450                LPUART0_RxTx_IRQHandler
                0x00004450                LPTMR0_IRQHandler
                0x00004450                BusFault_Handler
                0x00004450                Reserved87_IRQHandler
                0x00004450                FTM1_Ovf_Reload_IRQHandler
                0x00004450                DMA8_IRQHandler
                0x00004450                Reserved93_IRQHandler
                0x00004450                DMA10_IRQHandler
                0x00004450                CAN0_Wake_Up_IRQHandler
                0x00004450                CMP0_IRQHandler
                0x00004450                Reserved52_IRQHandler
                0x00004450                PORTC_IRQHandler
                0x00004450                DMA6_IRQHandler
                0x00004450                FTM1_Ch0_Ch1_IRQHandler
                0x00004450                FLEXIO_IRQHandler
                0x00004450                DMA1_IRQHandler
                0x00004450                Reserved113_IRQHandler
 *(.text*)
 .text.WDOG_Disable
                0x00004454       0x54 ./src/wdog/wdog.o
                0x00004454                WDOG_Disable
 .text.WDOG_EWM_IRQHandler
                0x000044a8       0x3c ./src/wdog/wdog.o
                0x000044a8                WDOG_EWM_IRQHandler
 .text.UART_Init
                0x000044e4       0x50 ./src/uart/uart.o
                0x000044e4                UART_Init
 .text.UART_TransmitChar
                0x00004534       0x2c ./src/uart/uart.o
                0x00004534                UART_TransmitChar
 .text.UART_TransmitString
                0x00004560       0x3c ./src/uart/uart.o
                0x00004560                UART_TransmitString
 .text.LPUART1_RxTx_IRQHandler
                0x0000459c       0x54 ./src/uart/uart.o
                0x0000459c                LPUART1_RxTx_IRQHandler
 .text.PIT_IrqClear
                0x000045f0       0x2c ./src/pit/pit.o
                0x000045f0                PIT_IrqClear
 .text.LPIT0_Ch0_IRQHandler
                0x0000461c       0x38 ./src/pit/pit.o
                0x0000461c                LPIT0_Ch0_IRQHandler
 .text.LPIT0_Ch1_IRQHandler
                0x00004654        0xc ./src/pit/pit.o
                0x00004654                LPIT0_Ch1_IRQHandler
 .text.LPIT0_Ch2_IRQHandler
                0x00004660        0xc ./src/pit/pit.o
                0x00004660                LPIT0_Ch2_IRQHandler
 .text.LPIT0_Ch3_IRQHandler
                0x0000466c        0xc ./src/pit/pit.o
                0x0000466c                LPIT0_Ch3_IRQHandler
 .text.IRQ_Enable
                0x00004678       0x4c ./src/nvic/nvic.o
                0x00004678                IRQ_Enable
 .text.main     0x000046c4       0xc8 ./src/main.o
                0x000046c4                main
 .text.GPIO_Init
                0x0000478c       0xd0 ./src/gpio/gpio.o
                0x0000478c                GPIO_Init
 .text.GPIO_SetDirection
                0x0000485c       0x38 ./src/gpio/gpio.o
                0x0000485c                GPIO_SetDirection
 .text.GPIO_SetData
                0x00004894       0x34 ./src/gpio/gpio.o
                0x00004894                GPIO_SetData
 .text.GPIO_GetData
                0x000048c8       0x30 ./src/gpio/gpio.o
                0x000048c8                GPIO_GetData
 .text.PIN_Mux  0x000048f8       0x38 ./src/gpio/gpio.o
                0x000048f8                PIN_Mux
 .text.FTM0_Ch0_Ch1_IRQHandler
                0x00004930       0x68 ./src/ftm/ftm.o
                0x00004930                FTM0_Ch0_Ch1_IRQHandler
 .text.FTM0_Ch2_Ch3_IRQHandler
                0x00004998       0x40 ./src/ftm/ftm.o
                0x00004998                FTM0_Ch2_Ch3_IRQHandler
 .text.FTM0_Ovf_Reload_IRQHandler
                0x000049d8       0x68 ./src/ftm/ftm.o
                0x000049d8                FTM0_Ovf_Reload_IRQHandler
 .text.FTM2_Ch6_Ch7_IRQHandler
                0x00004a40       0x40 ./src/ftm/ftm.o
                0x00004a40                FTM2_Ch6_Ch7_IRQHandler
 .text.CLK_InitRunMode
                0x00004a80      0x174 ./src/clock/clock.o
                0x00004a80                CLK_InitRunMode
 .text.CLK_Enable
                0x00004bf4       0x2c ./src/clock/clock.o
                0x00004bf4                CLK_Enable
 .text.FuncCLK_Enable
                0x00004c20       0x48 ./src/clock/clock.o
                0x00004c20                FuncCLK_Enable
 .text.DelayMs  0x00004c68       0x38 ./src/clock/clock.o
                0x00004c68                DelayMs
 .text.CAN_Init
                0x00004ca0      0x104 ./src/can/can.o
                0x00004ca0                CAN_Init
 .text.CAN_RxFrameInit
                0x00004da4       0x54 ./src/can/can.o
                0x00004da4                CAN_RxFrameInit
 .text.CAN_IntoFreezeMode
                0x00004df8       0x38 ./src/can/can.o
                0x00004df8                CAN_IntoFreezeMode
 .text.CAN_ExitFreezeMode
                0x00004e30       0x3c ./src/can/can.o
                0x00004e30                CAN_ExitFreezeMode
 .text.CAN_BitTimingSet
                0x00004e6c       0x74 ./src/can/can.o
                0x00004e6c                CAN_BitTimingSet
 .text.CAN0_ORed_0_15_MB_IRQHandler
                0x00004ee0      0x130 ./src/can/can.o
                0x00004ee0                CAN0_ORed_0_15_MB_IRQHandler
 .text.ADC_Converst
                0x00005010       0x3c ./src/adc/adc.o
                0x00005010                ADC_Converst
 .text.ADC_SWTrigger
                0x0000504c       0x2c ./src/adc/adc.o
                0x0000504c                ADC_SWTrigger
 .text.ADC0_IRQHandler
                0x00005078       0x14 ./src/adc/adc.o
                0x00005078                ADC0_IRQHandler
 .text.SystemInit
                0x0000508c       0x30 ./Project_Settings/Startup_Code/system_S32K144.o
                0x0000508c                SystemInit
 .text.init_data_bss
                0x000050bc       0xf4 ./Project_Settings/Startup_Code/startup.o
                0x000050bc                init_data_bss
 .text.exit     0x000051b0       0x38 C:/NXP/S32DS_ARM_v2018.R1/S32DS/arm_ewl2/lib/armv7e-m\libc99.a(exit.o)
                0x000051b0                exit
 .text.__fini_cpp
                0x000051e8       0x34 C:/NXP/S32DS_ARM_v2018.R1/S32DS/arm_ewl2/lib/armv7e-m\librt.a(gcc_ctor_dtor.o)
                0x000051e8                __fini_cpp
 .text._ExitProcess
                0x0000521c        0x2 C:/NXP/S32DS_ARM_v2018.R1/S32DS/arm_ewl2/lib/armv7e-m\librt.a(gcc_ctor_dtor.o)
                0x0000521c                _ExitProcess
 *fill*         0x0000521e        0x2 
 .text.__destroy_global_chain
                0x00005220       0x18 C:/NXP/S32DS_ARM_v2018.R1/S32DS/arm_ewl2/lib/armv7e-m\librt.a(__arm_eabi_init.o)
                0x00005220                __destroy_global_chain
 .text.__destroy_global_chain.__stub
                0x00005238       0x20 linker stubs
 *(.rodata)
 .rodata        0x00005258       0x3c ./src/flash/flash.o
 .rodata        0x00005294       0x10 ./src/can/can.o
 *(.rodata*)
 *(.glue_7)
 .glue_7        0x00000000        0x0 linker stubs
 *(.glue_7t)
 .glue_7t       0x00000000        0x0 linker stubs
 *(.eh_frame)
 *(.init)
 *(.fini)
                0x000052a4                . = ALIGN (0x4)

.vfp11_veneer   0x000052a4        0x0
 .vfp11_veneer  0x00000000        0x0 linker stubs

.v4_bx          0x000052a4        0x0
 .v4_bx         0x00000000        0x0 linker stubs

.iplt           0x000052a4        0x0
 .iplt          0x00000000        0x0 C:/NXP/S32DS_ARM_v2018.R1/S32DS/arm_ewl2/lib/armv7e-m/__arm_start.o

.ARM.extab
 *(.ARM.extab* .gnu.linkonce.armextab.*)

.ARM            0x000052a4        0x0
                0x000052a4                __exidx_start = .
 *(.ARM.exidx*)
                0x000052a4                __exidx_end = .

.ctors          0x000052a4        0x0
                0x000052a4                __CTOR_LIST__ = .
 *crtbegin.o(.ctors)
 *crtbegin?.o(.ctors)
 *(EXCLUDE_FILE(*crtend.o *crtend?.o) .ctors)
 *(SORT(.ctors.*))
 *(.ctors)
                0x000052a4                __CTOR_END__ = .

.dtors          0x000052a4        0x0
                0x000052a4                __DTOR_LIST__ = .
 *crtbegin.o(.dtors)
 *crtbegin?.o(.dtors)
 *(EXCLUDE_FILE(*crtend.o *crtend?.o) .dtors)
 *(SORT(.dtors.*))
 *(.dtors)
                0x000052a4                __DTOR_END__ = .

.preinit_array  0x000052a4        0x0
                0x000052a4                PROVIDE (__preinit_array_start, .)
 *(.preinit_array*)
                0x000052a4                PROVIDE (__preinit_array_end, .)

.init_array     0x000052a4        0x0
                0x000052a4                PROVIDE (__init_array_start, .)
 *(SORT(.init_array.*))
 *(.init_array*)
                0x000052a4                PROVIDE (__init_array_end, .)

.fini_array     0x000052a4        0x0
                0x000052a4                PROVIDE (__fini_array_start, .)
 *(SORT(.fini_array.*))
 *(.fini_array*)
                0x000052a4                PROVIDE (__fini_array_end, .)
                0x000052a4                __etext = .
                0x000052a4                __DATA_ROM = .

.interrupts_ram
                0x1fff8000      0x400
                0x1fff8000                . = ALIGN (0x4)
                0x1fff8000                __VECTOR_RAM__ = .
                0x1fff8000                __interrupts_ram_start__ = .
 *(.m_interrupts_ram)
                0x1fff8400                . = (. + M_VECTOR_RAM_SIZE)
 *fill*         0x1fff8000      0x400 
                0x1fff8400                . = ALIGN (0x4)
                0x1fff8400                __interrupts_ram_end__ = .
                0x1fff8000                __VECTOR_RAM = DEFINED (__flash_vector_table__)?ORIGIN (m_interrupts):__VECTOR_RAM__
                0x00000400                __RAM_VECTOR_TABLE_SIZE = DEFINED (__flash_vector_table__)?0x0:(__interrupts_ram_end__ - __interrupts_ram_start__)

.data           0x1fff8400        0x0 load address 0x000052a4
                0x1fff8400                . = ALIGN (0x4)
                0x1fff8400                __DATA_RAM = .
                0x1fff8400                __data_start__ = .
 *(.data)
 *(.data*)
 *(.jcr*)
                0x1fff8400                . = ALIGN (0x4)
                0x1fff8400                __data_end__ = .
                0x000052a4                __DATA_END = (__DATA_ROM + (__data_end__ - __data_start__))
                0x000052a4                __CODE_ROM = __DATA_END

.igot.plt       0x1fff8400        0x0
 .igot.plt      0x00000000        0x0 C:/NXP/S32DS_ARM_v2018.R1/S32DS/arm_ewl2/lib/armv7e-m/__arm_start.o

.code           0x1fff8400      0x3c0 load address 0x000052a4
                0x1fff8400                . = ALIGN (0x4)
                0x1fff8400                __CODE_RAM = .
                0x1fff8400                __code_start__ = .
 *(.code_ram)
 .code_ram      0x1fff8400      0x39c ./src/flash/flash.o
                0x1fff8400                FLASH_ProgramPhrase
                0x1fff84a4                FLASH_EraseBlock
                0x1fff8544                FLASH_EraseSector
                0x1fff85e4                FLASH_DflashPartition
                0x1fff8654                FlexRAM_SetToEEPROM
                0x1fff869c                EEPROM_Init
                0x1fff86d8                EEPROM_Write
                0x1fff873c                EEPROM_Read
 *fill*         0x1fff879c        0x4 
 .code_ram.__stub
                0x1fff87a0       0x20 linker stubs
                0x1fff87c0                . = ALIGN (0x4)
                0x1fff87c0                __code_end__ = .
                0x00005664                __CODE_END = (__CODE_ROM + (__code_end__ - __code_start__))

.rel.dyn        0x1fff87c0        0x0 load address 0x00005664
 .rel.iplt      0x00000000        0x0 C:/NXP/S32DS_ARM_v2018.R1/S32DS/arm_ewl2/lib/armv7e-m/__arm_start.o

.customSectionBlock
 *(.customSection)

.bss            0x20000000       0x34
                0x20000000                . = ALIGN (0x4)
                0x20000000                __BSS_START = .
                0x20000000                __bss_start__ = .
 *(.bss)
 *(.bss*)
 .bss.UpdateFlag
                0x20000000        0x4 ./src/uart/uart.o
                0x20000000                UpdateFlag
 .bss.mbs_recept_flag
                0x20000004        0x4 ./src/can/can.o
                0x20000004                mbs_recept_flag
 .bss.UpdateFlag1
                0x20000008        0x4 ./src/can/can.o
                0x20000008                UpdateFlag1
 .bss.__stdio_exit
                0x2000000c        0x4 C:/NXP/S32DS_ARM_v2018.R1/S32DS/arm_ewl2/lib/armv7e-m\libc99.a(exit.o)
                0x2000000c                __stdio_exit
 .bss.__console_exit
                0x20000010        0x4 C:/NXP/S32DS_ARM_v2018.R1/S32DS/arm_ewl2/lib/armv7e-m\libc99.a(exit.o)
                0x20000010                __console_exit
 .bss.__global_destructor_chain
                0x20000014        0x4 C:/NXP/S32DS_ARM_v2018.R1/S32DS/arm_ewl2/lib/armv7e-m\librt.a(__arm_eabi_init.o)
                0x20000014                __global_destructor_chain
 *(COMMON)
 COMMON         0x20000018        0x1 ./src/uart/uart.o
                0x20000018                RecvData
 *fill*         0x20000019        0x3 
 COMMON         0x2000001c       0x18 ./src/can/can.o
                0x2000001c                RxDATA
                0x20000024                RxID
                0x20000028                RxLENGTH
                0x2000002c                RxCODE
                0x20000030                RxTIMESTAMP
                0x20000034                . = ALIGN (0x4)
                0x20000034                __bss_end__ = .
                0x20000034                __BSS_END = .

.heap           0x20000034      0x404
                0x20000038                . = ALIGN (0x8)
 *fill*         0x20000034        0x4 
                0x20000038                __end__ = .
                0x20000038                PROVIDE (end, .)
                0x20000038                PROVIDE (_end, .)
                0x20000038                PROVIDE (__end, .)
                0x20000038                __HeapBase = .
                0x20000438                . = (. + HEAP_SIZE)
 *fill*         0x20000038      0x400 
                0x20000438                __HeapLimit = .
                0x20000438                __heap_limit = .

.stack          0x20000438      0x400
                0x20000438                . = ALIGN (0x8)
                0x20000838                . = (. + STACK_SIZE)
 *fill*         0x20000438      0x400 
                0x20007000                __StackTop = (ORIGIN (m_data_2) + 0x7000)
                0x20006c00                __StackLimit = (__StackTop - STACK_SIZE)
                0x20007000                PROVIDE (__stack, __StackTop)

.ARM.attributes
                0x00000000       0x31
 *(.ARM.attributes)
 .ARM.attributes
                0x00000000       0x33 ./src/wdog/wdog.o
 .ARM.attributes
                0x00000033       0x33 ./src/uart/uart.o
 .ARM.attributes
                0x00000066       0x33 ./src/pit/pit.o
 .ARM.attributes
                0x00000099       0x33 ./src/nvic/nvic.o
 .ARM.attributes
                0x000000cc       0x33 ./src/main.o
 .ARM.attributes
                0x000000ff       0x33 ./src/gpio/gpio.o
 .ARM.attributes
                0x00000132       0x33 ./src/ftm/ftm.o
 .ARM.attributes
                0x00000165       0x33 ./src/flash/flash.o
 .ARM.attributes
                0x00000198       0x33 ./src/clock/clock.o
 .ARM.attributes
                0x000001cb       0x33 ./src/can/can.o
 .ARM.attributes
                0x000001fe       0x33 ./src/adc/adc.o
 .ARM.attributes
                0x00000231       0x33 ./Project_Settings/Startup_Code/system_S32K144.o
 .ARM.attributes
                0x00000264       0x1b ./Project_Settings/Startup_Code/startup_S32K144.o
 .ARM.attributes
                0x0000027f       0x33 ./Project_Settings/Startup_Code/startup.o
 .ARM.attributes
                0x000002b2       0x33 C:/NXP/S32DS_ARM_v2018.R1/S32DS/arm_ewl2/lib/armv7e-m\libc99.a(exit.o)
 .ARM.attributes
                0x000002e5       0x33 C:/NXP/S32DS_ARM_v2018.R1/S32DS/arm_ewl2/lib/armv7e-m\librt.a(gcc_ctor_dtor.o)
 .ARM.attributes
                0x00000318       0x33 C:/NXP/S32DS_ARM_v2018.R1/S32DS/arm_ewl2/lib/armv7e-m\librt.a(__arm_eabi_init.o)
                0x00000001                ASSERT ((__StackLimit >= __HeapLimit), region m_data_2 overflowed with stack and heap)
OUTPUT(test.elf elf32-littlearm)

.debug_info     0x00000000     0x5c34
 .debug_info    0x00000000      0x6d6 ./src/wdog/wdog.o
 .debug_info    0x000006d6      0x76d ./src/uart/uart.o
 .debug_info    0x00000e43      0x71e ./src/pit/pit.o
 .debug_info    0x00001561      0x5b8 ./src/nvic/nvic.o
 .debug_info    0x00001b19      0x563 ./src/main.o
 .debug_info    0x0000207c      0x5d5 ./src/gpio/gpio.o
 .debug_info    0x00002651      0xb10 ./src/ftm/ftm.o
 .debug_info    0x00003161      0x508 ./src/flash/flash.o
 .debug_info    0x00003669      0x377 ./src/clock/clock.o
 .debug_info    0x000039e0      0xb36 ./src/can/can.o
 .debug_info    0x00004516      0x899 ./src/adc/adc.o
 .debug_info    0x00004daf      0x500 ./Project_Settings/Startup_Code/system_S32K144.o
 .debug_info    0x000052af       0x8c ./Project_Settings/Startup_Code/startup_S32K144.o
 .debug_info    0x0000533b      0x3eb ./Project_Settings/Startup_Code/startup.o
 .debug_info    0x00005726      0x111 C:/NXP/S32DS_ARM_v2018.R1/S32DS/arm_ewl2/lib/armv7e-m\libc99.a(exit.o)
 .debug_info    0x00005837      0x14a C:/NXP/S32DS_ARM_v2018.R1/S32DS/arm_ewl2/lib/armv7e-m\librt.a(gcc_ctor_dtor.o)
 .debug_info    0x00005981      0x2b3 C:/NXP/S32DS_ARM_v2018.R1/S32DS/arm_ewl2/lib/armv7e-m\librt.a(__arm_eabi_init.o)

.debug_abbrev   0x00000000     0x1589
 .debug_abbrev  0x00000000      0x13b ./src/wdog/wdog.o
 .debug_abbrev  0x0000013b      0x1ae ./src/uart/uart.o
 .debug_abbrev  0x000002e9      0x144 ./src/pit/pit.o
 .debug_abbrev  0x0000042d      0x136 ./src/nvic/nvic.o
 .debug_abbrev  0x00000563      0x11f ./src/main.o
 .debug_abbrev  0x00000682      0x19a ./src/gpio/gpio.o
 .debug_abbrev  0x0000081c      0x1ce ./src/ftm/ftm.o
 .debug_abbrev  0x000009ea      0x16b ./src/flash/flash.o
 .debug_abbrev  0x00000b55      0x137 ./src/clock/clock.o
 .debug_abbrev  0x00000c8c      0x206 ./src/can/can.o
 .debug_abbrev  0x00000e92      0x1b8 ./src/adc/adc.o
 .debug_abbrev  0x0000104a      0x118 ./Project_Settings/Startup_Code/system_S32K144.o
 .debug_abbrev  0x00001162       0x14 ./Project_Settings/Startup_Code/startup_S32K144.o
 .debug_abbrev  0x00001176      0x101 ./Project_Settings/Startup_Code/startup.o
 .debug_abbrev  0x00001277       0x91 C:/NXP/S32DS_ARM_v2018.R1/S32DS/arm_ewl2/lib/armv7e-m\libc99.a(exit.o)
 .debug_abbrev  0x00001308       0xae C:/NXP/S32DS_ARM_v2018.R1/S32DS/arm_ewl2/lib/armv7e-m\librt.a(gcc_ctor_dtor.o)
 .debug_abbrev  0x000013b6      0x1d3 C:/NXP/S32DS_ARM_v2018.R1/S32DS/arm_ewl2/lib/armv7e-m\librt.a(__arm_eabi_init.o)

.debug_aranges  0x00000000      0x4b8
 .debug_aranges
                0x00000000       0x58 ./src/wdog/wdog.o
 .debug_aranges
                0x00000058       0x40 ./src/uart/uart.o
 .debug_aranges
                0x00000098       0x58 ./src/pit/pit.o
 .debug_aranges
                0x000000f0       0x58 ./src/nvic/nvic.o
 .debug_aranges
                0x00000148       0x20 ./src/main.o
 .debug_aranges
                0x00000168       0x68 ./src/gpio/gpio.o
 .debug_aranges
                0x000001d0       0x80 ./src/ftm/ftm.o
 .debug_aranges
                0x00000250       0x58 ./src/flash/flash.o
 .debug_aranges
                0x000002a8       0x40 ./src/clock/clock.o
 .debug_aranges
                0x000002e8       0x50 ./src/can/can.o
 .debug_aranges
                0x00000338       0x60 ./src/adc/adc.o
 .debug_aranges
                0x00000398       0x30 ./Project_Settings/Startup_Code/system_S32K144.o
 .debug_aranges
                0x000003c8       0x20 ./Project_Settings/Startup_Code/startup_S32K144.o
 .debug_aranges
                0x000003e8       0x20 ./Project_Settings/Startup_Code/startup.o
 .debug_aranges
                0x00000408       0x28 C:/NXP/S32DS_ARM_v2018.R1/S32DS/arm_ewl2/lib/armv7e-m\libc99.a(exit.o)
 .debug_aranges
                0x00000430       0x30 C:/NXP/S32DS_ARM_v2018.R1/S32DS/arm_ewl2/lib/armv7e-m\librt.a(gcc_ctor_dtor.o)
 .debug_aranges
                0x00000460       0x58 C:/NXP/S32DS_ARM_v2018.R1/S32DS/arm_ewl2/lib/armv7e-m\librt.a(__arm_eabi_init.o)

.debug_ranges   0x00000000      0x318
 .debug_ranges  0x00000000       0x48 ./src/wdog/wdog.o
 .debug_ranges  0x00000048       0x30 ./src/uart/uart.o
 .debug_ranges  0x00000078       0x48 ./src/pit/pit.o
 .debug_ranges  0x000000c0       0x48 ./src/nvic/nvic.o
 .debug_ranges  0x00000108       0x10 ./src/main.o
 .debug_ranges  0x00000118       0x58 ./src/gpio/gpio.o
 .debug_ranges  0x00000170       0x70 ./src/ftm/ftm.o
 .debug_ranges  0x000001e0       0x48 ./src/flash/flash.o
 .debug_ranges  0x00000228       0x30 ./src/clock/clock.o
 .debug_ranges  0x00000258       0x40 ./src/can/can.o
 .debug_ranges  0x00000298       0x50 ./src/adc/adc.o
 .debug_ranges  0x000002e8       0x20 ./Project_Settings/Startup_Code/system_S32K144.o
 .debug_ranges  0x00000308       0x10 ./Project_Settings/Startup_Code/startup.o

.debug_macro    0x00000000    0x2c980
 .debug_macro   0x00000000       0xe6 ./src/wdog/wdog.o
 .debug_macro   0x000000e6      0x868 ./src/wdog/wdog.o
 .debug_macro   0x0000094e       0x52 ./src/wdog/wdog.o
 .debug_macro   0x000009a0       0xa0 ./src/wdog/wdog.o
 .debug_macro   0x00000a40       0x16 ./src/wdog/wdog.o
 .debug_macro   0x00000a56       0x19 ./src/wdog/wdog.o
 .debug_macro   0x00000a6f       0x64 ./src/wdog/wdog.o
 .debug_macro   0x00000ad3      0x185 ./src/wdog/wdog.o
 .debug_macro   0x00000c58      0x140 ./src/wdog/wdog.o
 .debug_macro   0x00000d98       0x9d ./src/wdog/wdog.o
 .debug_macro   0x00000e35       0x10 ./src/wdog/wdog.o
 .debug_macro   0x00000e45      0x15b ./src/wdog/wdog.o
 .debug_macro   0x00000fa0       0x28 ./src/wdog/wdog.o
 .debug_macro   0x00000fc8       0x58 ./src/wdog/wdog.o
 .debug_macro   0x00001020     0xdfa9 ./src/wdog/wdog.o
 .debug_macro   0x0000efc9       0x22 ./src/wdog/wdog.o
 .debug_macro   0x0000efeb       0x20 ./src/wdog/wdog.o
 .debug_macro   0x0000f00b      0x145 ./src/uart/uart.o
 .debug_macro   0x0000f150       0x19 ./src/uart/uart.o
 .debug_macro   0x0000f169     0xdfa9 ./src/uart/uart.o
 .debug_macro   0x0001d112       0xb2 ./src/uart/uart.o
 .debug_macro   0x0001d1c4       0x16 ./src/uart/uart.o
 .debug_macro   0x0001d1da       0x16 ./src/uart/uart.o
 .debug_macro   0x0001d1f0       0x10 ./src/uart/uart.o
 .debug_macro   0x0001d200      0x108 ./src/pit/pit.o
 .debug_macro   0x0001d308      0x978 ./src/pit/pit.o
 .debug_macro   0x0001dc80       0xd2 ./src/nvic/nvic.o
 .debug_macro   0x0001dd52       0xf9 ./src/main.o
 .debug_macro   0x0001de4b      0x122 ./src/gpio/gpio.o
 .debug_macro   0x0001df6d       0x16 ./src/gpio/gpio.o
 .debug_macro   0x0001df83      0x1af ./src/gpio/gpio.o
 .debug_macro   0x0001e132     0xdfbe ./src/gpio/gpio.o
 .debug_macro   0x0002c0f0      0x11b ./src/ftm/ftm.o
 .debug_macro   0x0002c20b       0x20 ./src/ftm/ftm.o
 .debug_macro   0x0002c22b      0x154 ./src/flash/flash.o
 .debug_macro   0x0002c37f       0x3a ./src/flash/flash.o
 .debug_macro   0x0002c3b9       0x2e ./src/flash/flash.o
 .debug_macro   0x0002c3e7       0xd8 ./src/clock/clock.o
 .debug_macro   0x0002c4bf      0x111 ./src/can/can.o
 .debug_macro   0x0002c5d0      0x12e ./src/adc/adc.o
 .debug_macro   0x0002c6fe       0x10 ./src/adc/adc.o
 .debug_macro   0x0002c70e       0xe9 ./Project_Settings/Startup_Code/system_S32K144.o
 .debug_macro   0x0002c7f7       0x10 ./Project_Settings/Startup_Code/system_S32K144.o
 .debug_macro   0x0002c807       0x6d ./Project_Settings/Startup_Code/system_S32K144.o
 .debug_macro   0x0002c874       0x22 ./Project_Settings/Startup_Code/system_S32K144.o
 .debug_macro   0x0002c896       0xea ./Project_Settings/Startup_Code/startup.o

.debug_line     0x00000000     0x2eb1
 .debug_line    0x00000000      0x34b ./src/wdog/wdog.o
 .debug_line    0x0000034b      0x3a2 ./src/uart/uart.o
 .debug_line    0x000006ed      0x351 ./src/pit/pit.o
 .debug_line    0x00000a3e      0x272 ./src/nvic/nvic.o
 .debug_line    0x00000cb0      0x363 ./src/main.o
 .debug_line    0x00001013      0x35b ./src/gpio/gpio.o
 .debug_line    0x0000136e      0x470 ./src/ftm/ftm.o
 .debug_line    0x000017de      0x458 ./src/flash/flash.o
 .debug_line    0x00001c36      0x27f ./src/clock/clock.o
 .debug_line    0x00001eb5      0x427 ./src/can/can.o
 .debug_line    0x000022dc      0x438 ./src/adc/adc.o
 .debug_line    0x00002714      0x29b ./Project_Settings/Startup_Code/system_S32K144.o
 .debug_line    0x000029af       0x83 ./Project_Settings/Startup_Code/startup_S32K144.o
 .debug_line    0x00002a32      0x260 ./Project_Settings/Startup_Code/startup.o
 .debug_line    0x00002c92       0xa4 C:/NXP/S32DS_ARM_v2018.R1/S32DS/arm_ewl2/lib/armv7e-m\libc99.a(exit.o)
 .debug_line    0x00002d36       0x74 C:/NXP/S32DS_ARM_v2018.R1/S32DS/arm_ewl2/lib/armv7e-m\librt.a(gcc_ctor_dtor.o)
 .debug_line    0x00002daa      0x107 C:/NXP/S32DS_ARM_v2018.R1/S32DS/arm_ewl2/lib/armv7e-m\librt.a(__arm_eabi_init.o)

.debug_str      0x00000000    0x6521a
 .debug_str     0x00000000    0x5e727 ./src/wdog/wdog.o
                              0x5e7cf (size before relaxing)
 .debug_str     0x0005e727      0x647 ./src/uart/uart.o
                              0x5e9d7 (size before relaxing)
 .debug_str     0x0005ed6e     0x457a ./src/pit/pit.o
                              0x629a3 (size before relaxing)
 .debug_str     0x000632e8       0xe9 ./src/nvic/nvic.o
                              0x6274a (size before relaxing)
 .debug_str     0x000633d1      0x15b ./src/main.o
                              0x5e2f1 (size before relaxing)
 .debug_str     0x0006352c      0x383 ./src/gpio/gpio.o
                              0x5e2de (size before relaxing)
 .debug_str     0x000638af      0x5b8 ./src/ftm/ftm.o
                              0x62ca8 (size before relaxing)
 .debug_str     0x00063e67      0x305 ./src/flash/flash.o
                              0x5e4ec (size before relaxing)
 .debug_str     0x0006416c       0xff ./src/clock/clock.o
                              0x5df52 (size before relaxing)
 .debug_str     0x0006426b      0x1cb ./src/can/can.o
                              0x5eac8 (size before relaxing)
 .debug_str     0x00064436      0x377 ./src/adc/adc.o
                              0x62a92 (size before relaxing)
 .debug_str     0x000647ad      0x427 ./Project_Settings/Startup_Code/system_S32K144.o
                              0x625e5 (size before relaxing)
 .debug_str     0x00064bd4      0x120 ./Project_Settings/Startup_Code/startup.o
                              0x6251c (size before relaxing)
 .debug_str     0x00064cf4      0x19e C:/NXP/S32DS_ARM_v2018.R1/S32DS/arm_ewl2/lib/armv7e-m\libc99.a(exit.o)
                                0x23c (size before relaxing)
 .debug_str     0x00064e92      0x285 C:/NXP/S32DS_ARM_v2018.R1/S32DS/arm_ewl2/lib/armv7e-m\librt.a(gcc_ctor_dtor.o)
                                0x28e (size before relaxing)
 .debug_str     0x00065117      0x103 C:/NXP/S32DS_ARM_v2018.R1/S32DS/arm_ewl2/lib/armv7e-m\librt.a(__arm_eabi_init.o)
                                0x2b5 (size before relaxing)

.comment        0x00000000       0x70
 .comment       0x00000000       0x70 ./src/wdog/wdog.o
                                 0x71 (size before relaxing)
 .comment       0x00000000       0x71 ./src/uart/uart.o
 .comment       0x00000000       0x71 ./src/pit/pit.o
 .comment       0x00000000       0x71 ./src/nvic/nvic.o
 .comment       0x00000000       0x71 ./src/main.o
 .comment       0x00000000       0x71 ./src/gpio/gpio.o
 .comment       0x00000000       0x71 ./src/ftm/ftm.o
 .comment       0x00000000       0x71 ./src/flash/flash.o
 .comment       0x00000000       0x71 ./src/clock/clock.o
 .comment       0x00000000       0x71 ./src/can/can.o
 .comment       0x00000000       0x71 ./src/adc/adc.o
 .comment       0x00000000       0x71 ./Project_Settings/Startup_Code/system_S32K144.o
 .comment       0x00000000       0x71 ./Project_Settings/Startup_Code/startup.o
 .comment       0x00000000       0x71 C:/NXP/S32DS_ARM_v2018.R1/S32DS/arm_ewl2/lib/armv7e-m\libc99.a(exit.o)
 .comment       0x00000000       0x71 C:/NXP/S32DS_ARM_v2018.R1/S32DS/arm_ewl2/lib/armv7e-m\librt.a(gcc_ctor_dtor.o)
 .comment       0x00000000       0x71 C:/NXP/S32DS_ARM_v2018.R1/S32DS/arm_ewl2/lib/armv7e-m\librt.a(__arm_eabi_init.o)

.debug_frame    0x00000000      0xe9c
 .debug_frame   0x00000000      0x124 ./src/wdog/wdog.o
 .debug_frame   0x00000124       0xbc ./src/uart/uart.o
 .debug_frame   0x000001e0      0x130 ./src/pit/pit.o
 .debug_frame   0x00000310      0x150 ./src/nvic/nvic.o
 .debug_frame   0x00000460       0x2c ./src/main.o
 .debug_frame   0x0000048c      0x19c ./src/gpio/gpio.o
 .debug_frame   0x00000628      0x1f4 ./src/ftm/ftm.o
 .debug_frame   0x0000081c      0x134 ./src/flash/flash.o
 .debug_frame   0x00000950       0xd8 ./src/clock/clock.o
 .debug_frame   0x00000a28      0x128 ./src/can/can.o
 .debug_frame   0x00000b50      0x15c ./src/adc/adc.o
 .debug_frame   0x00000cac       0x80 ./Project_Settings/Startup_Code/system_S32K144.o
 .debug_frame   0x00000d2c       0x38 ./Project_Settings/Startup_Code/startup.o
 .debug_frame   0x00000d64       0x3c C:/NXP/S32DS_ARM_v2018.R1/S32DS/arm_ewl2/lib/armv7e-m\libc99.a(exit.o)
 .debug_frame   0x00000da0       0x50 C:/NXP/S32DS_ARM_v2018.R1/S32DS/arm_ewl2/lib/armv7e-m\librt.a(gcc_ctor_dtor.o)
 .debug_frame   0x00000df0       0xac C:/NXP/S32DS_ARM_v2018.R1/S32DS/arm_ewl2/lib/armv7e-m\librt.a(__arm_eabi_init.o)

.debug_loc      0x00000000      0x23e
 .debug_loc     0x00000000       0x5d C:/NXP/S32DS_ARM_v2018.R1/S32DS/arm_ewl2/lib/armv7e-m\libc99.a(exit.o)
 .debug_loc     0x0000005d       0x9d C:/NXP/S32DS_ARM_v2018.R1/S32DS/arm_ewl2/lib/armv7e-m\librt.a(gcc_ctor_dtor.o)
 .debug_loc     0x000000fa      0x144 C:/NXP/S32DS_ARM_v2018.R1/S32DS/arm_ewl2/lib/armv7e-m\librt.a(__arm_eabi_init.o)
